<html>
<body>
<pre>
<h1>µVision Build Log</h1>
<h2>Tool Versions:</h2>
IDE-Version: ¶ÃVision V5.33.0.0
Copyright (C) 2020 ARM Ltd and ARM Germany GmbH. All rights reserved.
License Information: a b, c, LIC=----
 
Tool Versions:
Toolchain:       MDK-Lite  Version: 5.33.0.0
Toolchain Path:  C:\Keil_v5\ARM\ARMCC\Bin
C Compiler:      Armcc.exe V5.06 update 7 (build 960)
Assembler:       Armasm.exe V5.06 update 7 (build 960)
Linker/Locator:  ArmLink.exe V5.06 update 7 (build 960)
Library Manager: ArmAr.exe V5.06 update 7 (build 960)
Hex Converter:   FromElf.exe V5.06 update 7 (build 960)
CPU DLL:         SARMCM3.DLL V5.33.0.0
Dialog DLL:      DARMCM1.DLL V1.19.4.0
Target DLL:      STLink\ST-LINKIII-KEIL_SWO.dll V3.0.8.0
Dialog DLL:      TARMCM1.DLL V1.14.3.0
 
<h2>Project:</h2>
E:\WorkSpace\Git\Aisinochip\electric-toothbrush\»Ìº˛…Ëº∆\electric-toothbrush\prj\electric-toothbrush.uvprojx
Project File Date:  02/09/2022

<h2>Output:</h2>
*** Using Compiler 'V5.06 update 7 (build 960)', folder: 'C:\Keil_v5\ARM\ARMCC\Bin'
Rebuild target 'Target 1'
assembling Startup_ACM32F0x0.s...
compiling main.c...
compiling System_ACM32F0x0.c...
compiling HAL_CRC.c...
compiling HAL_GPIO.c...
compiling HAL_UART.c...
compiling HAL_EFLASH.c...
compiling HAL_TIMER.c...
compiling HAL_DMA.c...
compiling HAL_EXTI.c...
compiling HAL_ADC.c...
compiling port.c...
compiling timer.c...
compiling adc.c...
compiling flash.c...
compiling inertial_chip.c...
compiling IIC_Sim.c...
compiling ble.c...
compiling ble_app.c...
compiling motor_app.c...
compiling app.c...
compiling malloc.c...
compiling led_app.c...
linking...
Program Size: Code=16020 RO-data=520 RW-data=276 ZI-data=22700  
FromELF: creating hex file...
"..\obj\electric-toothbrush.axf" - 0 Error(s), 0 Warning(s).

<h2>Software Packages used:</h2>

Package Vendor: ARM
                http://www.keil.com/pack/ARM.CMSIS.5.7.0.pack
                ARM.CMSIS.5.7.0
                CMSIS (Cortex Microcontroller Software Interface Standard)

<h2>Collection of Component include folders:</h2>
  C:\Keil_v5\Packs\ARM\CMSIS\5.7.0\Device\ARM\ARMCM0\Include

<h2>Collection of Component Files used:</h2>
Build Time Elapsed:  00:00:09
</pre>
</body>
</html>
