<html>
<body>
<pre>
<h1>µVision Build Log</h1>
<h2>Tool Versions:</h2>
IDE-Version: ¦ÌVision V5.31.0.0
Copyright (C) 2020 ARM Ltd and ARM Germany GmbH. All rights reserved.
License Information: yehan tang, HP Inc., LIC=65ISZ-JCSS2-12DLE-5GBF1-JICF5-8U5T3
 
Tool Versions:
Toolchain:       MDK-ARM Plus  Version: 5.31.0.0
Toolchain Path:  D:\program files\Keil_v5\ARM\ARMCC\Bin
C Compiler:      Armcc.exe V5.06 update 6 (build 750)
Assembler:       Armasm.exe V5.06 update 6 (build 750)
Linker/Locator:  ArmLink.exe V5.06 update 6 (build 750)
Library Manager: ArmAr.exe V5.06 update 6 (build 750)
Hex Converter:   FromElf.exe V5.06 update 6 (build 750)
CPU DLL:         SARMCM3.DLL V5.31.0.0
Dialog DLL:      DARMCM1.DLL V1.19.3.0
Target DLL:      STLink\ST-LINKIII-KEIL_SWO.dll V3.0.7.0
Dialog DLL:      TARMCM1.DLL V1.14.2.0
 
<h2>Project:</h2>
D:\yehan\keil\yehan\ACM32F0x0\electric-toothbrush\prj\electric-toothbrush.uvprojx
Project File Date:  09/18/2021

<h2>Output:</h2>
*** Using Compiler 'V5.06 update 6 (build 750)', folder: 'D:\program files\Keil_v5\ARM\ARMCC\Bin'
Rebuild target 'Target 1'
assembling Startup_ACM32F0x0.s...
compiling HAL_CRC.c...
compiling main.c...
compiling System_ACM32F0x0.c...
compiling HAL_UART.c...
compiling HAL_GPIO.c...
compiling HAL_TIMER.c...
compiling HAL_EFLASH.c...
compiling HAL_DMA.c...
compiling HAL_EXTI.c...
compiling timer.c...
compiling HAL_ADC.c...
compiling adc.c...
compiling port.c...
compiling flash.c...
compiling ble.c...
compiling IIC_Sim.c...
compiling inertial_chip.c...
compiling motor_app.c...
compiling app.c...
compiling ble_app.c...
compiling malloc.c...
compiling led_app.c...
linking...
Program Size: Code=16016 RO-data=520 RW-data=276 ZI-data=22700  
"..\obj\electric-toothbrush.axf" - 0 Error(s), 0 Warning(s).

<h2>Software Packages used:</h2>

Package Vendor: ARM
                http://www.keil.com/pack/ARM.CMSIS.5.8.0.pack
                ARM.CMSIS.5.8.0
                CMSIS (Common Microcontroller Software Interface Standard)

<h2>Collection of Component include folders:</h2>
  C:\Users\yehan.tang\AppData\Local\Arm\Packs\ARM\CMSIS\5.8.0\Device\ARM\ARMCM0\Include

<h2>Collection of Component Files used:</h2>
Build Time Elapsed:  00:00:01
</pre>
</body>
</html>
